src/components/ChatbotOnboarding.tsx(12,16): error TS2511: Cannot create an instance of an abstract class.
src/lib/prisma.ts(1,10): error TS2305: Module '"@prisma/client"' has no exported member 'PrismaClient'.
